Configuration file: /home/frank/Projects/2h-k.github.io/_config.yml
            Source: /home/frank/Projects/2h-k.github.io
       Destination: /home/frank/Projects/2h-k.github.io/_site
 Incremental build: disabled. Enable with --incremental
      Generating... 
                    done in 0.353 seconds.
 Auto-regeneration: enabled for '/home/frank/Projects/2h-k.github.io'
    Server address: http://0.0.0.0:4000/
  Server running... press ctrl-c to stop.
      Regenerating: 1 file(s) changed at 2026-09-09 18:49:30
                    jekyll.log
                    ...done in 0.345837474 seconds.
                    
      Regenerating: 1 file(s) changed at 2026-09-09 18:49:31
                    jekyll.log
                    ...done in 0.210589125 seconds.
                    
      Regenerating: 1 file(s) changed at 2026-09-09 18:49:31
                    jekyll.log
                    ...done in 0.222530448 seconds.
                    
      Regenerating: 1 file(s) changed at 2026-09-09 18:49:31
                    jekyll.log
                    ...done in 0.251846826 seconds.
                    
      Regenerating: 1 file(s) changed at 2026-09-09 18:49:32
                    jekyll.log
                    ...done in 0.204055309 seconds.
                    
      Regenerating: 1 file(s) changed at 2026-09-09 18:49:32
                    jekyll.log
                    ...done in 0.205137492 seconds.
                    
      Regenerating: 1 file(s) changed at 2026-09-09 18:49:32
                    jekyll.log
                    ...done in 0.234920088 seconds.
                    
      Regenerating: 1 file(s) changed at 2026-09-09 18:49:32
                    jekyll.log
                    ...done in 0.211831363 seconds.
                    
      Regenerating: 1 file(s) changed at 2026-09-09 18:49:33
                    jekyll.log
                    ...done in 0.212821761 seconds.
                    
      Regenerating: 1 file(s) changed at 2026-09-09 18:49:33
                    jekyll.log
                    ...done in 0.238860449 seconds.
                    
      Regenerating: 1 file(s) changed at 2026-09-09 18:49:33
                    jekyll.log
                    ...done in 0.208994835 seconds.
                    
      Regenerating: 1 file(s) changed at 2026-09-09 18:49:34
                    jekyll.log
                    ...done in 0.24789971 seconds.
                    
      Regenerating: 1 file(s) changed at 2026-09-09 18:49:34
                    jekyll.log
                    ...done in 0.214422142 seconds.
                    
      Regenerating: 1 file(s) changed at 2026-09-09 18:49:34
                    jekyll.log
                    ...done in 0.214138882 seconds.
                    
      Regenerating: 1 file(s) changed at 2026-09-09 18:49:35
                    jekyll.log
                    ...done in 0.204078293 seconds.
                    
      Regenerating: 1 file(s) changed at 2026-09-09 18:49:35
                    jekyll.log
                    ...done in 0.243918672 seconds.
                    
      Regenerating: 1 file(s) changed at 2026-09-09 18:49:35
                    jekyll.log
                    ...done in 0.236657198 seconds.
                    
      Regenerating: 1 file(s) changed at 2026-09-09 18:49:36
                    jekyll.log
                    ...done in 0.220946669 seconds.
                    
      Regenerating: 1 file(s) changed at 2026-09-09 18:49:36
                    jekyll.log
                    ...done in 0.234515827 seconds.
                    
      Regenerating: 1 file(s) changed at 2026-09-09 18:49:36
                    jekyll.log
                    ...done in 0.258863381 seconds.
                    
      Regenerating: 1 file(s) changed at 2026-09-09 18:49:37
                    jekyll.log
                    ...done in 0.236240204 seconds.
                    
      Regenerating: 1 file(s) changed at 2026-09-09 18:49:37
                    jekyll.log
                    ...done in 0.248862697 seconds.
                    
      Regenerating: 1 file(s) changed at 2026-09-09 18:49:37
                    jekyll.log
                    ...done in 0.245568217 seconds.
                    
      Regenerating: 1 file(s) changed at 2026-09-09 18:49:38
                    jekyll.log
                    ...done in 0.241582408 seconds.
                    
      Regenerating: 1 file(s) changed at 2026-09-09 18:49:38
                    jekyll.log
                    ...done in 0.252906856 seconds.
                    
      Regenerating: 1 file(s) changed at 2026-09-09 18:49:38
                    jekyll.log
                    ...done in 0.238326681 seconds.
                    
      Regenerating: 1 file(s) changed at 2026-09-09 18:49:39
                    jekyll.log
                    ...done in 0.257500654 seconds.
                    
      Regenerating: 1 file(s) changed at 2026-09-09 18:49:39
                    jekyll.log
                    ...done in 0.270082018 seconds.
                    
      Regenerating: 1 file(s) changed at 2026-09-09 18:49:40
                    jekyll.log
                    ...done in 0.2137867 seconds.
                    
      Regenerating: 1 file(s) changed at 2026-09-09 18:49:40
                    jekyll.log
                    ...done in 0.208797238 seconds.
                    
      Regenerating: 1 file(s) changed at 2026-09-09 18:49:40
                    jekyll.log
                    ...done in 0.212678257 seconds.
                    
      Regenerating: 1 file(s) changed at 2026-09-09 18:49:40
                    jekyll.log
                    ...done in 0.251264947 seconds.
                    
      Regenerating: 1 file(s) changed at 2026-09-09 18:49:41
                    jekyll.log
                    ...done in 0.215602823 seconds.
                    
      Regenerating: 1 file(s) changed at 2026-09-09 18:49:41
                    jekyll.log
                    ...done in 0.217373017 seconds.
                    
      Regenerating: 1 file(s) changed at 2026-09-09 18:49:41
                    jekyll.log
                    ...done in 0.215646956 seconds.
                    
      Regenerating: 1 file(s) changed at 2026-09-09 18:49:42
                    jekyll.log
                    ...done in 0.254373212 seconds.
                    
      Regenerating: 1 file(s) changed at 2026-09-09 18:49:42
                    jekyll.log
                    ...done in 0.212683887 seconds.
                    
      Regenerating: 1 file(s) changed at 2026-09-09 18:49:42
                    jekyll.log
                    ...done in 0.226948621 seconds.
                    
      Regenerating: 1 file(s) changed at 2026-09-09 18:49:43
                    jekyll.log
                    ...done in 0.222689883 seconds.
                    
      Regenerating: 1 file(s) changed at 2026-09-09 18:49:43
                    jekyll.log
                    ...done in 0.243742105 seconds.
                    
      Regenerating: 1 file(s) changed at 2026-09-09 18:49:43
                    jekyll.log
                    ...done in 0.21090679 seconds.
                    
      Regenerating: 1 file(s) changed at 2026-09-09 18:49:44
                    jekyll.log
                    ...done in 0.208846693 seconds.
                    
      Regenerating: 1 file(s) changed at 2026-09-09 18:49:44
                    jekyll.log
                    ...done in 0.238679244 seconds.
                    
      Regenerating: 1 file(s) changed at 2026-09-09 18:49:44
                    jekyll.log
                    ...done in 0.214885064 seconds.
                    
      Regenerating: 1 file(s) changed at 2026-09-09 18:49:45
                    jekyll.log
                    ...done in 0.232444167 seconds.
                    
      Regenerating: 1 file(s) changed at 2026-09-09 18:49:45
                    jekyll.log
                    ...done in 0.249385193 seconds.
                    
      Regenerating: 1 file(s) changed at 2026-09-09 18:49:45
                    jekyll.log
                    ...done in 0.215000474 seconds.
                    
      Regenerating: 1 file(s) changed at 2026-09-09 18:49:46
                    jekyll.log
                    ...done in 0.226272061 seconds.
                    
      Regenerating: 1 file(s) changed at 2026-09-09 18:49:46
                    jekyll.log
                    ...done in 0.24151002 seconds.
                    
      Regenerating: 1 file(s) changed at 2026-09-09 18:49:46
                    jekyll.log
                    ...done in 0.224432435 seconds.
                    
      Regenerating: 1 file(s) changed at 2026-09-09 18:49:47
                    jekyll.log
                    ...done in 0.245854292 seconds.
                    
      Regenerating: 1 file(s) changed at 2026-09-09 18:49:47
                    jekyll.log
                    ...done in 0.225214947 seconds.
                    
      Regenerating: 1 file(s) changed at 2026-09-09 18:49:47
                    jekyll.log
                    ...done in 0.258718776 seconds.
                    
      Regenerating: 1 file(s) changed at 2026-09-09 18:49:48
                    jekyll.log
                    ...done in 0.215082019 seconds.
                    
      Regenerating: 1 file(s) changed at 2026-09-09 18:49:48
                    jekyll.log
                    ...done in 0.275397862 seconds.
                    
      Regenerating: 1 file(s) changed at 2026-09-09 18:49:48
                    jekyll.log
                    ...done in 0.213326673 seconds.
                    
      Regenerating: 1 file(s) changed at 2026-09-09 18:49:49
                    jekyll.log
                    ...done in 0.250200828 seconds.
                    
      Regenerating: 1 file(s) changed at 2026-09-09 18:49:49
                    jekyll.log
                    ...done in 0.249527754 seconds.
                    
      Regenerating: 1 file(s) changed at 2026-09-09 18:49:49
                    jekyll.log
                    ...done in 0.253588435 seconds.
                    
      Regenerating: 1 file(s) changed at 2026-09-09 18:49:50
                    jekyll.log
                    ...done in 0.255978542 seconds.
                    
      Regenerating: 1 file(s) changed at 2026-09-09 18:49:50
                    jekyll.log
                    ...done in 0.26331609 seconds.
                    
      Regenerating: 1 file(s) changed at 2026-09-09 18:49:50
                    jekyll.log
                    ...done in 0.26704068 seconds.
                    
      Regenerating: 1 file(s) changed at 2026-09-09 18:49:51
                    jekyll.log
                    ...done in 0.258792927 seconds.
                    
      Regenerating: 1 file(s) changed at 2026-09-09 18:49:51
                    jekyll.log
                    ...done in 0.256176199 seconds.
                    
      Regenerating: 1 file(s) changed at 2026-09-09 18:49:52
                    jekyll.log
                    ...done in 0.282412373 seconds.
                    
      Regenerating: 1 file(s) changed at 2026-09-09 18:49:52
                    jekyll.log
                    ...done in 0.217938375 seconds.
                    
      Regenerating: 1 file(s) changed at 2026-09-09 18:49:52
                    jekyll.log
                    ...done in 0.216464084 seconds.
                    
      Regenerating: 1 file(s) changed at 2026-09-09 18:49:53
                    jekyll.log
                    ...done in 0.21384964 seconds.
                    
      Regenerating: 1 file(s) changed at 2026-09-09 18:49:53
                    jekyll.log
                    ...done in 0.233030315 seconds.
                    
      Regenerating: 1 file(s) changed at 2026-09-09 18:49:53
                    jekyll.log
                    ...done in 0.220839004 seconds.
                    
      Regenerating: 1 file(s) changed at 2026-09-09 18:49:54
                    jekyll.log
                    ...done in 0.251752776 seconds.
                    
      Regenerating: 1 file(s) changed at 2026-09-09 18:49:54
                    jekyll.log
                    ...done in 0.209957921 seconds.
                    
      Regenerating: 1 file(s) changed at 2026-09-09 18:49:54
                    jekyll.log
                    ...done in 0.224289683 seconds.
                    
      Regenerating: 1 file(s) changed at 2026-09-09 18:49:55
                    jekyll.log
                    ...done in 0.218720936 seconds.
                    
      Regenerating: 1 file(s) changed at 2026-09-09 18:49:55
                    jekyll.log
[31m                    ------------------------------------------------[0m
[31m      Jekyll 4.4.1   Please append `--trace` to the `serve` command [0m
[31m                     for any additional information or backtrace. [0m
[31m                    ------------------------------------------------[0m
/home/frank/.rbenv/versions/3.3.0/lib/ruby/gems/3.3.0/gems/jekyll-4.4.1/lib/jekyll/commands/serve.rb:291:in `join': SIGTERM (SignalException)
	from /home/frank/.rbenv/versions/3.3.0/lib/ruby/gems/3.3.0/gems/jekyll-4.4.1/lib/jekyll/commands/serve.rb:291:in `boot_or_detach'
	from /home/frank/.rbenv/versions/3.3.0/lib/ruby/gems/3.3.0/gems/jekyll-4.4.1/lib/jekyll/commands/serve.rb:221:in `start_up_webrick'
	from /home/frank/.rbenv/versions/3.3.0/lib/ruby/gems/3.3.0/gems/jekyll-4.4.1/lib/jekyll/commands/serve.rb:102:in `process'
	from /home/frank/.rbenv/versions/3.3.0/lib/ruby/gems/3.3.0/gems/jekyll-4.4.1/lib/jekyll/command.rb:91:in `block in process_with_graceful_fail'
	from /home/frank/.rbenv/versions/3.3.0/lib/ruby/gems/3.3.0/gems/jekyll-4.4.1/lib/jekyll/command.rb:91:in `each'
	from /home/frank/.rbenv/versions/3.3.0/lib/ruby/gems/3.3.0/gems/jekyll-4.4.1/lib/jekyll/command.rb:91:in `process_with_graceful_fail'
	from /home/frank/.rbenv/versions/3.3.0/lib/ruby/gems/3.3.0/gems/jekyll-4.4.1/lib/jekyll/commands/serve.rb:85:in `block (2 levels) in init_with_program'
	from /home/frank/.rbenv/versions/3.3.0/lib/ruby/gems/3.3.0/gems/mercenary-0.4.0/lib/mercenary/command.rb:221:in `block in execute'
	from /home/frank/.rbenv/versions/3.3.0/lib/ruby/gems/3.3.0/gems/mercenary-0.4.0/lib/mercenary/command.rb:221:in `each'
	from /home/frank/.rbenv/versions/3.3.0/lib/ruby/gems/3.3.0/gems/mercenary-0.4.0/lib/mercenary/command.rb:221:in `execute'
	from /home/frank/.rbenv/versions/3.3.0/lib/ruby/gems/3.3.0/gems/mercenary-0.4.0/lib/mercenary/program.rb:44:in `go'
	from /home/frank/.rbenv/versions/3.3.0/lib/ruby/gems/3.3.0/gems/mercenary-0.4.0/lib/mercenary.rb:21:in `program'
	from /home/frank/.rbenv/versions/3.3.0/lib/ruby/gems/3.3.0/gems/jekyll-4.4.1/exe/jekyll:15:in `<top (required)>'
	from /home/frank/.rbenv/versions/3.3.0/bin/jekyll:25:in `load'
	from /home/frank/.rbenv/versions/3.3.0/bin/jekyll:25:in `<top (required)>'
	from /home/frank/.rbenv/versions/3.3.0/lib/ruby/gems/3.3.0/gems/bundler-2.5.23/lib/bundler/cli/exec.rb:58:in `load'
	from /home/frank/.rbenv/versions/3.3.0/lib/ruby/gems/3.3.0/gems/bundler-2.5.23/lib/bundler/cli/exec.rb:58:in `kernel_load'
	from /home/frank/.rbenv/versions/3.3.0/lib/ruby/gems/3.3.0/gems/bundler-2.5.23/lib/bundler/cli/exec.rb:23:in `run'
	from /home/frank/.rbenv/versions/3.3.0/lib/ruby/gems/3.3.0/gems/bundler-2.5.23/lib/bundler/cli.rb:456:in `exec'
	from /home/frank/.rbenv/versions/3.3.0/lib/ruby/gems/3.3.0/gems/bundler-2.5.23/lib/bundler/vendor/thor/lib/thor/command.rb:28:in `run'
	from /home/frank/.rbenv/versions/3.3.0/lib/ruby/gems/3.3.0/gems/bundler-2.5.23/lib/bundler/vendor/thor/lib/thor/invocation.rb:127:in `invoke_command'
	from /home/frank/.rbenv/versions/3.3.0/lib/ruby/gems/3.3.0/gems/bundler-2.5.23/lib/bundler/vendor/thor/lib/thor.rb:527:in `dispatch'
	from /home/frank/.rbenv/versions/3.3.0/lib/ruby/gems/3.3.0/gems/bundler-2.5.23/lib/bundler/cli.rb:35:in `dispatch'
	from /home/frank/.rbenv/versions/3.3.0/lib/ruby/gems/3.3.0/gems/bundler-2.5.23/lib/bundler/vendor/thor/lib/thor/base.rb:584:in `start'
	from /home/frank/.rbenv/versions/3.3.0/lib/ruby/gems/3.3.0/gems/bundler-2.5.23/lib/bundler/cli.rb:29:in `start'
	from /home/frank/.rbenv/versions/3.3.0/lib/ruby/gems/3.3.0/gems/bundler-2.5.23/exe/bundle:28:in `block in <top (required)>'
	from /home/frank/.rbenv/versions/3.3.0/lib/ruby/gems/3.3.0/gems/bundler-2.5.23/lib/bundler/friendly_errors.rb:117:in `with_friendly_errors'
	from /home/frank/.rbenv/versions/3.3.0/lib/ruby/gems/3.3.0/gems/bundler-2.5.23/exe/bundle:20:in `<top (required)>'
	from /home/frank/.rbenv/versions/3.3.0/bin/bundle:25:in `load'
	from /home/frank/.rbenv/versions/3.3.0/bin/bundle:25:in `<main>'
